// Jest Snapshot v1, https://goo.gl/fbAQLP

exports[`SingProductPage should render SingProductPage component correctly 1`] = `
<div
  data-test-id="recommended"
>
  <div
    className="px-24 xs:px-2"
  >
    <div>
      <div
        className="md:flex gap-24"
      >
        <div
          className="relative h-[250px] overflow-y-clip md:w-[500px] md:h-[350px]"
        >
          <img
            alt="product"
            className="md:w-full object-center"
            src="image1.jpg"
          />
          <div
            className="absolute top-[44%] w-full"
          >
            <div
              className="flex justify-between"
            >
              <button
                className="bg-white hover:bg-[#0cc70c] w-[40px] h-[40] flex justify-center items-center rounded-full"
                data-testid="right-button"
                onClick={[Function]}
                type="button"
              >
                <img
                  alt="left"
                  src=""
                />
              </button>
              <button
                className="bg-white  hover:bg-[#0cc70c] w-[40px] h-[40px] flex justify-center items-center rounded-full"
                data-testid="left-button"
                onClick={[Function]}
                type="button"
              >
                <img
                  alt="right"
                  src=""
                />
              </button>
            </div>
          </div>
        </div>
        <div
          className=""
        >
          <p
            className="text-black font-bold text-[20px] pb-2"
          >
            Test Product
          </p>
          <p
            className="text-[#464c55] text-[18px] font-bold pb-2"
          >
            100
             
            RWF
          </p>
          <div
            className=""
          >
            <img
              alt="Loader Spinner"
              className="text-green-500 animate-spin w-[25px] text-center"
              data-testid="spinner"
              src=""
            />
            <div
              className="flex gap-4"
            >
              <button
                className="mt-[20px] hover:bg-[#22f122] bg-[#f6f4f4] h-[32px] w-[32px] rounded-full flex justify-center items-center"
                title="Wish product"
                type="button"
              >
                <img
                  alt="wish"
                  src=""
                />
              </button>
              <div
                className="ease-linear transition-all duration-150"
                onClick={[Function]}
              >
                <button
                  className="mt-[20px] bg-[#f6f4f4] hover:bg-[#099f09] h-[32px] w-[32px] rounded-full flex justify-center items-center hover:bg-[#D9F2D9]"
                  disabled={true}
                  title="Product is not available"
                  type="button"
                >
                  <img
                    alt="shop"
                    src=""
                  />
                </button>
              </div>
            </div>
            <div
              className="flex justify-between h-fit overflow-clip items-center mt-7 gap-3"
            >
              <img
                alt="product"
                className="w-24 h-20 mt-2 object-cover "
                src="image2.jpg"
              />
            </div>
            <div
              className="w-fit mt-6"
            >
              <button
                className=" w-full my-2 h-[45px] rounded-md bg-[#338E03] py-2 px-3 text-sm font-semibold text-white hover:bg-[#64B937] bg-green-500 hover:bg-green-600 rounded-none"
                onClick={[Function]}
              >
                Add review
                 
              </button>
            </div>
          </div>
        </div>
      </div>
      <div
        className="w-[100%] md:space-y-3"
      >
        <p
          className="text-[#393d3e] pt-8 font-bold text-[18px] italic"
        >
          Reviews
        </p>
        <div
          className="md:space-y-3"
        >
          No reviews found
        </div>
        <form
          className="fixed top-0 left-0 flex flex-col justify-center items-center px-4 w-full h-full bg-black bg-opacity-50 z-50 hidden"
          onSubmit={[Function]}
        >
          <div
            className="max-w-2xl my-auto backdrop-blur-sm z-50 p-4 border border-grey-400 bg-slate-200 poppins w-full px-4 bg-opacity-80 "
            id="container"
          >
            <h2>
              Provide Ratings and Feedback
            </h2>
            <div
              className="flex items-center"
            >
              <svg
                fill="currentColor"
                height="1em"
                onClick={[Function]}
                onMouseLeave={[Function]}
                onMouseOver={[Function]}
                stroke="currentColor"
                strokeWidth="0"
                style={
                  {
                    "color": "orange",
                  }
                }
                viewBox="0 0 1024 1024"
                width="1em"
                xmlns="http://www.w3.org/2000/svg"
              >
                <path
                  d="M908.1 353.1l-253.9-36.9L540.7 86.1c-3.1-6.3-8.2-11.4-14.5-14.5-15.8-7.8-35-1.3-42.9 14.5L369.8 316.2l-253.9 36.9c-7 1-13.4 4.3-18.3 9.3a32.05 32.05 0 0 0 .6 45.3l183.7 179.1-43.4 252.9a31.95 31.95 0 0 0 46.4 33.7L512 754l227.1 119.4c6.2 3.3 13.4 4.4 20.3 3.2 17.4-3 29.1-19.5 26.1-36.9l-43.4-252.9 183.7-179.1c5-4.9 8.3-11.3 9.3-18.3 2.7-17.5-9.5-33.7-27-36.3zM664.8 561.6l36.1 210.3L512 672.7 323.1 772l36.1-210.3-152.8-149L417.6 382 512 190.7 606.4 382l211.2 30.7-152.8 148.9z"
                />
              </svg>
              <svg
                fill="currentColor"
                height="1em"
                onClick={[Function]}
                onMouseLeave={[Function]}
                onMouseOver={[Function]}
                stroke="currentColor"
                strokeWidth="0"
                style={
                  {
                    "color": "orange",
                  }
                }
                viewBox="0 0 1024 1024"
                width="1em"
                xmlns="http://www.w3.org/2000/svg"
              >
                <path
                  d="M908.1 353.1l-253.9-36.9L540.7 86.1c-3.1-6.3-8.2-11.4-14.5-14.5-15.8-7.8-35-1.3-42.9 14.5L369.8 316.2l-253.9 36.9c-7 1-13.4 4.3-18.3 9.3a32.05 32.05 0 0 0 .6 45.3l183.7 179.1-43.4 252.9a31.95 31.95 0 0 0 46.4 33.7L512 754l227.1 119.4c6.2 3.3 13.4 4.4 20.3 3.2 17.4-3 29.1-19.5 26.1-36.9l-43.4-252.9 183.7-179.1c5-4.9 8.3-11.3 9.3-18.3 2.7-17.5-9.5-33.7-27-36.3zM664.8 561.6l36.1 210.3L512 672.7 323.1 772l36.1-210.3-152.8-149L417.6 382 512 190.7 606.4 382l211.2 30.7-152.8 148.9z"
                />
              </svg>
              <svg
                fill="currentColor"
                height="1em"
                onClick={[Function]}
                onMouseLeave={[Function]}
                onMouseOver={[Function]}
                stroke="currentColor"
                strokeWidth="0"
                style={
                  {
                    "color": "orange",
                  }
                }
                viewBox="0 0 1024 1024"
                width="1em"
                xmlns="http://www.w3.org/2000/svg"
              >
                <path
                  d="M908.1 353.1l-253.9-36.9L540.7 86.1c-3.1-6.3-8.2-11.4-14.5-14.5-15.8-7.8-35-1.3-42.9 14.5L369.8 316.2l-253.9 36.9c-7 1-13.4 4.3-18.3 9.3a32.05 32.05 0 0 0 .6 45.3l183.7 179.1-43.4 252.9a31.95 31.95 0 0 0 46.4 33.7L512 754l227.1 119.4c6.2 3.3 13.4 4.4 20.3 3.2 17.4-3 29.1-19.5 26.1-36.9l-43.4-252.9 183.7-179.1c5-4.9 8.3-11.3 9.3-18.3 2.7-17.5-9.5-33.7-27-36.3zM664.8 561.6l36.1 210.3L512 672.7 323.1 772l36.1-210.3-152.8-149L417.6 382 512 190.7 606.4 382l211.2 30.7-152.8 148.9z"
                />
              </svg>
              <svg
                fill="currentColor"
                height="1em"
                onClick={[Function]}
                onMouseLeave={[Function]}
                onMouseOver={[Function]}
                stroke="currentColor"
                strokeWidth="0"
                style={
                  {
                    "color": "orange",
                  }
                }
                viewBox="0 0 1024 1024"
                width="1em"
                xmlns="http://www.w3.org/2000/svg"
              >
                <path
                  d="M908.1 353.1l-253.9-36.9L540.7 86.1c-3.1-6.3-8.2-11.4-14.5-14.5-15.8-7.8-35-1.3-42.9 14.5L369.8 316.2l-253.9 36.9c-7 1-13.4 4.3-18.3 9.3a32.05 32.05 0 0 0 .6 45.3l183.7 179.1-43.4 252.9a31.95 31.95 0 0 0 46.4 33.7L512 754l227.1 119.4c6.2 3.3 13.4 4.4 20.3 3.2 17.4-3 29.1-19.5 26.1-36.9l-43.4-252.9 183.7-179.1c5-4.9 8.3-11.3 9.3-18.3 2.7-17.5-9.5-33.7-27-36.3zM664.8 561.6l36.1 210.3L512 672.7 323.1 772l36.1-210.3-152.8-149L417.6 382 512 190.7 606.4 382l211.2 30.7-152.8 148.9z"
                />
              </svg>
              <svg
                fill="currentColor"
                height="1em"
                onClick={[Function]}
                onMouseLeave={[Function]}
                onMouseOver={[Function]}
                stroke="currentColor"
                strokeWidth="0"
                style={
                  {
                    "color": "orange",
                  }
                }
                viewBox="0 0 1024 1024"
                width="1em"
                xmlns="http://www.w3.org/2000/svg"
              >
                <path
                  d="M908.1 353.1l-253.9-36.9L540.7 86.1c-3.1-6.3-8.2-11.4-14.5-14.5-15.8-7.8-35-1.3-42.9 14.5L369.8 316.2l-253.9 36.9c-7 1-13.4 4.3-18.3 9.3a32.05 32.05 0 0 0 .6 45.3l183.7 179.1-43.4 252.9a31.95 31.95 0 0 0 46.4 33.7L512 754l227.1 119.4c6.2 3.3 13.4 4.4 20.3 3.2 17.4-3 29.1-19.5 26.1-36.9l-43.4-252.9 183.7-179.1c5-4.9 8.3-11.3 9.3-18.3 2.7-17.5-9.5-33.7-27-36.3zM664.8 561.6l36.1 210.3L512 672.7 323.1 772l36.1-210.3-152.8-149L417.6 382 512 190.7 606.4 382l211.2 30.7-152.8 148.9z"
                />
              </svg>
            </div>
            <div
              className="mt-5"
            >
              <div
                className="h-[80px] undefined"
              >
                <label
                  className="undefined sr-only""
                  htmlFor="Feedback"
                >
                  Feedback
                </label>
                <div
                  className="w-full"
                >
                  <textarea
                    className="block p-2.5 w-full text-sm text-gray-900 bg-gray-50 rounded-lg border border-gray-300 focus:border-blue-50"
                    id="feedback"
                    label="Feedback"
                    name="Feedback"
                    onBlur={[Function]}
                    onChange={[Function]}
                    placeholder="Provide your feedback"
                    rows="4"
                  />
                </div>
              </div>
            </div>
            <div
              className="py-3 sm:px-6 flex gap-2 flex-row-reverse"
            >
              <div
                className="flex xs:block"
              >
                <button
                  className=" w-full my-2 h-[45px] rounded-md bg-[#338E03] py-2 px-3 text-sm font-semibold text-white hover:bg-[#64B937] text-white sm:ml-3 bg-green-500 hover:bg-green-600 px-5 py-2.5 mt-20 font-bold rounded-none"
                  onClick={[Function]}
                  role="submit"
                  type="submit"
                >
                  Add review
                   
                </button>
              </div>
              <div
                className="flex xs:block"
              >
                <button
                  className=" w-full my-2 h-[45px] rounded-md bg-[#338E03] py-2 px-3 text-sm font-semibold text-white hover:bg-[#64B937] text-white px-5 py-2.5 mt-20 font-bold rounded-none"
                  onClick={[Function]}
                  role="cancel"
                  type="button"
                >
                  cancel
                   
                </button>
              </div>
            </div>
          </div>
        </form>
      </div>
    </div>
  </div>
  <div
    className="pb-4 mt-20"
  >
    <h1
      className="font-bold text-xl text-center"
    >
      Recommended For You
    </h1>
    <div
      className=" flex justify-center flex-wrap gap-8 mt-8 "
    />
  </div>
</div>
`;
